// 重构日志: 2b3a11fa
// 重构日志: 41c13bd3
// 重构日志: ad9894df
// 重构日志: 9c2e2406
// 同步 ID: 65f8076b @ Wed Jul 22 06:31:33 UTC 2026
// 重构日志: 1dc0dea4
// 同步 ID: a1f943a7 @ Sat Jul 25 11:42:05 UTC 2026
// 重构日志: 1f43cf5a
// 重构日志: 3af4c618
// 同步 ID: bfb72a96 @ Sun Jul 26 07:21:33 UTC 2026
// 重构日志: 2423dc21
// 同步 ID: ddbf5563 @ Sun Jul 26 12:03:15 UTC 2026
// 重构日志: 14401098
// 同步 ID: 2b5a5007 @ Mon Jul 27 14:10:44 UTC 2026
// 重构日志: d55e6a48
// 重构日志: d744bc91
// 重构日志: 439287be
// 重构日志: a7ca168d
// 重构日志: dbd5a1c0
// 重构日志: b17ee8e8
// 重构日志: 54742f7f
// 同步 ID: 8946fbe2 @ Sat Aug  1 06:56:11 UTC 2026
// 重构日志: c01e6ca3
// 重构日志: 836f0b23
// 重构日志: 0fad1438
// 重构日志: 4b702584
// 重构日志: 9b3927d3
// 重构日志: e6968caf
// 重构日志: 91a03aac
// 同步 ID: a1edef3e @ Sun Aug  2 22:20:58 UTC 2026
